Command line invocation:
    /Applications/Xcode.app/Contents/Developer/usr/bin/xcodebuild test-without-building -xctestrun /Users/ec2-user/actions-runner/_work/awsEC2iOS-test/awsEC2iOS-test/app/build/Build/Products/SimDensity_iphonesimulator26.5-arm64-x86_64.xctestrun -destination "platform=iOS Simulator,id=DEBFD139-2C13-454D-AA34-4005ABDB5B27" "-only-testing:SimDensityUITests/ShardedUITests/test04_animateSteady" "-only-testing:SimDensityUITests/ShardedUITests/test08_animateAgain" "-only-testing:SimDensityUITests/ShardedUITests/test12_scrollFinal"

2026-08-17 00:29:52.441 xcodebuild[76303:1521102] [MT] IDERunDestination: Supported platforms for the buildables in the current scheme is empty.
2026-08-17 00:29:52.459 xcodebuild[76303:1521102] [MT] IDERunDestination: Supported platforms for the buildables in the current scheme is empty.
2026-08-17 00:29:53.041 xcodebuild[76303:1521102] [MT] IDERunDestination: Supported platforms for the buildables in the current scheme is empty.
2026-08-17 00:30:45.120632+0000 SimDensityUITests-Runner[76667:1528367] [Default] Running tests...
objc[76667]: Class UIAccessibilityLoaderWebShared is implemented in both /Library/Developer/CoreSimulator/Volumes/iOS_23F77/Library/Developer/CoreSimulator/Profiles/Runtimes/iOS 26.5.simruntime/Contents/Resources/RuntimeRoot/System/Library/AccessibilityBundles/WebCore.axbundle/WebCore (0x106cd8310) and /Library/Developer/CoreSimulator/Volumes/iOS_23F77/Library/Developer/CoreSimulator/Profiles/Runtimes/iOS 26.5.simruntime/Contents/Resources/RuntimeRoot/System/Library/AccessibilityBundles/WebKit.axbundle/WebKit (0x105a7c398). This may cause spurious casting failures and mysterious crashes. One of the duplicates must be removed or renamed.
Test Suite 'Selected tests' started at 2026-08-17 00:30:59.313.
Test Suite 'SimDensityUITests.xctest' started at 2026-08-17 00:30:59.313.
Test Suite 'ShardedUITests' started at 2026-08-17 00:30:59.313.
Test Case '-[SimDensityUITests.ShardedUITests test04_animateSteady]' started.
    t =     0.01s Start Test at 2026-08-17 00:30:59.319
    t =     0.23s Set Up
    t =     0.26s Open com.simdensity.app
    t =     0.26s     Launch com.simdensity.app
2026-08-17 00:31:00.249 xcodebuild[76303:1521102] [MT] IDELaunchParametersSnapshot: The operation couldn’t be completed. (DebuggerLLDB.DebuggerVersionStore.StoreError error 0.)
2026-08-17 00:31:00.272 xcodebuild[76303:1521102] [MT] IDELaunchParametersSnapshot: no debugger version
    t =     3.47s         Setting up automation session
    t =     4.31s         Wait for com.simdensity.app to idle
    t =     5.56s Waiting 20.0s for "SIM DENSITY" StaticText to exist
    t =     6.63s     Checking `Expect predicate `existsNoRetry == 1` for object "SIM DENSITY" StaticText`
    t =     6.63s         Checking existence of `"SIM DENSITY" StaticText`
    t =     6.75s Waiting 10.0s for "ANIMATE" StaticText to exist
    t =     7.80s     Checking `Expect predicate `existsNoRetry == 1` for object "ANIMATE" StaticText`
    t =     7.80s         Checking existence of `"ANIMATE" StaticText`
    t =     9.98s Tear Down
Test Case '-[SimDensityUITests.ShardedUITests test04_animateSteady]' passed (10.618 seconds).
Test Case '-[SimDensityUITests.ShardedUITests test08_animateAgain]' started.
    t =     0.00s Start Test at 2026-08-17 00:31:09.939
    t =     0.05s Set Up
    t =     0.05s Open com.simdensity.app
    t =     0.05s     Launch com.simdensity.app
    t =     0.05s         Terminate com.simdensity.app:76751
2026-08-17 00:31:11.045 xcodebuild[76303:1521102] [MT] IDELaunchParametersSnapshot: The operation couldn’t be completed. (DebuggerLLDB.DebuggerVersionStore.StoreError error 0.)
2026-08-17 00:31:11.049 xcodebuild[76303:1521102] [MT] IDELaunchParametersSnapshot: no debugger version
    t =     1.93s         Setting up automation session
    t =     2.56s         Wait for com.simdensity.app to idle
    t =     3.77s Waiting 20.0s for "SIM DENSITY" StaticText to exist
    t =     4.78s     Checking `Expect predicate `existsNoRetry == 1` for object "SIM DENSITY" StaticText`
    t =     4.79s         Checking existence of `"SIM DENSITY" StaticText`
    t =     4.86s Waiting 10.0s for "ANIMATE" StaticText to exist
    t =     5.86s     Checking `Expect predicate `existsNoRetry == 1` for object "ANIMATE" StaticText`
    t =     5.86s         Checking existence of `"ANIMATE" StaticText`
    t =     7.98s Tear Down
Test Case '-[SimDensityUITests.ShardedUITests test08_animateAgain]' passed (8.562 seconds).
Test Case '-[SimDensityUITests.ShardedUITests test12_scrollFinal]' started.
    t =     0.00s Start Test at 2026-08-17 00:31:18.501
    t =     0.05s Set Up
    t =     0.05s Open com.simdensity.app
    t =     0.05s     Launch com.simdensity.app
    t =     0.05s         Terminate com.simdensity.app:76783
2026-08-17 00:31:19.668 xcodebuild[76303:1521102] [MT] IDELaunchParametersSnapshot: The operation couldn’t be completed. (DebuggerLLDB.DebuggerVersionStore.StoreError error 0.)
2026-08-17 00:31:19.668 xcodebuild[76303:1521102] [MT] IDELaunchParametersSnapshot: no debugger version
    t =     1.74s         Setting up automation session
    t =     2.31s         Wait for com.simdensity.app to idle
    t =     3.52s Waiting 20.0s for "SIM DENSITY" StaticText to exist
    t =     4.59s     Checking `Expect predicate `existsNoRetry == 1` for object "SIM DENSITY" StaticText`
    t =     4.59s         Checking existence of `"SIM DENSITY" StaticText`
    t =     4.70s Waiting 10.0s for "SCROLL" StaticText to exist
    t =     5.79s     Checking `Expect predicate `existsNoRetry == 1` for object "SCROLL" StaticText`
    t =     5.79s         Checking existence of `"SCROLL" StaticText`
    t =     8.09s Tear Down
Test Case '-[SimDensityUITests.ShardedUITests test12_scrollFinal]' passed (9.006 seconds).
Test Suite 'ShardedUITests' passed at 2026-08-17 00:31:27.506.
	 Executed 3 tests, with 0 failures (0 unexpected) in 28.186 (28.193) seconds
Test Suite 'SimDensityUITests.xctest' passed at 2026-08-17 00:31:27.507.
	 Executed 3 tests, with 0 failures (0 unexpected) in 28.186 (28.193) seconds
Test Suite 'Selected tests' passed at 2026-08-17 00:31:27.507.
	 Executed 3 tests, with 0 failures (0 unexpected) in 28.186 (28.194) seconds
2026-08-17 00:31:28.667 xcodebuild[76303:1521102] [MT] IDETestOperationsObserverDebug: 95.623 elapsed -- Testing started completed.
2026-08-17 00:31:28.677 xcodebuild[76303:1521102] [MT] IDETestOperationsObserverDebug: 0.000 sec, +0.000 sec -- start
2026-08-17 00:31:28.679 xcodebuild[76303:1521102] [MT] IDETestOperationsObserverDebug: 95.623 sec, +95.623 sec -- end

Test session results, code coverage, and logs:
	/Users/ec2-user/Library/Developer/Xcode/DerivedData/SimDensity-bvpfwqifbgicwthjczdahvsolhgw/Logs/Test/Test-SimDensity-2026.08.17_00-29-52-+0000.xcresult

** TEST EXECUTE SUCCEEDED **

Testing started
