Command line invocation:
    /Applications/Xcode.app/Contents/Developer/usr/bin/xcodebuild test-without-building -xctestrun /Users/ec2-user/actions-runner/_work/awsEC2iOS-test/awsEC2iOS-test/app/build/Build/Products/SimDensity_iphonesimulator26.5-arm64-x86_64.xctestrun -destination "platform=iOS Simulator,id=6330A891-741F-4A04-BE55-8AA34C500DC4" "-only-testing:SimDensityUITests/ShardedUITests/test01_idleLaunch" "-only-testing:SimDensityUITests/ShardedUITests/test05_scrollLaunch" "-only-testing:SimDensityUITests/ShardedUITests/test09_scrollAgain"

2026-08-17 00:29:52.446 xcodebuild[76295:1521103] [MT] IDERunDestination: Supported platforms for the buildables in the current scheme is empty.
2026-08-17 00:29:52.460 xcodebuild[76295:1521103] [MT] IDERunDestination: Supported platforms for the buildables in the current scheme is empty.
2026-08-17 00:29:53.039 xcodebuild[76295:1521103] [MT] IDERunDestination: Supported platforms for the buildables in the current scheme is empty.
2026-08-17 00:31:40.433585+0000 SimDensityUITests-Runner[76885:1533708] [Default] Running tests...
objc[76885]: Class UIAccessibilityLoaderWebShared is implemented in both /Library/Developer/CoreSimulator/Volumes/iOS_23F77/Library/Developer/CoreSimulator/Profiles/Runtimes/iOS 26.5.simruntime/Contents/Resources/RuntimeRoot/System/Library/AccessibilityBundles/WebCore.axbundle/WebCore (0x10b474310) and /Library/Developer/CoreSimulator/Volumes/iOS_23F77/Library/Developer/CoreSimulator/Profiles/Runtimes/iOS 26.5.simruntime/Contents/Resources/RuntimeRoot/System/Library/AccessibilityBundles/WebKit.axbundle/WebKit (0x10a968398). This may cause spurious casting failures and mysterious crashes. One of the duplicates must be removed or renamed.
    t =      nans Interface orientation changed to Portrait
Test Suite 'Selected tests' started at 2026-08-17 00:31:45.750.
Test Suite 'SimDensityUITests.xctest' started at 2026-08-17 00:31:45.751.
Test Suite 'ShardedUITests' started at 2026-08-17 00:31:45.751.
Test Case '-[SimDensityUITests.ShardedUITests test01_idleLaunch]' started.
    t =     0.00s Start Test at 2026-08-17 00:31:45.752
    t =     0.13s Set Up
    t =     0.13s Open com.simdensity.app
    t =     0.13s     Launch com.simdensity.app
2026-08-17 00:31:46.265 xcodebuild[76295:1521103] [MT] IDELaunchParametersSnapshot: The operation couldn’t be completed. (DebuggerLLDB.DebuggerVersionStore.StoreError error 0.)
2026-08-17 00:31:46.265 xcodebuild[76295:1521103] [MT] IDELaunchParametersSnapshot: no debugger version
    t =     1.16s         Setting up automation session
    t =     1.97s         Wait for com.simdensity.app to idle
    t =     3.18s Waiting 20.0s for "SIM DENSITY" StaticText to exist
    t =     4.23s     Checking `Expect predicate `existsNoRetry == 1` for object "SIM DENSITY" StaticText`
    t =     4.23s         Checking existence of `"SIM DENSITY" StaticText`
    t =     4.26s Waiting 10.0s for "IDLE" StaticText to exist
    t =     5.26s     Checking `Expect predicate `existsNoRetry == 1` for object "IDLE" StaticText`
    t =     5.26s         Checking existence of `"IDLE" StaticText`
    t =     7.28s Tear Down
Test Case '-[SimDensityUITests.ShardedUITests test01_idleLaunch]' passed (7.493 seconds).
Test Case '-[SimDensityUITests.ShardedUITests test05_scrollLaunch]' started.
    t =     0.00s Start Test at 2026-08-17 00:31:53.245
    t =     0.02s Set Up
    t =     0.02s Open com.simdensity.app
    t =     0.02s     Launch com.simdensity.app
    t =     0.02s         Terminate com.simdensity.app:76935
2026-08-17 00:31:55.287 xcodebuild[76295:1521103] [MT] IDELaunchParametersSnapshot: The operation couldn’t be completed. (DebuggerLLDB.DebuggerVersionStore.StoreError error 0.)
2026-08-17 00:31:55.287 xcodebuild[76295:1521103] [MT] IDELaunchParametersSnapshot: no debugger version
    t =     2.26s         Setting up automation session
    t =     3.09s         Wait for com.simdensity.app to idle
    t =     4.28s Waiting 20.0s for "SIM DENSITY" StaticText to exist
    t =     5.35s     Checking `Expect predicate `existsNoRetry == 1` for object "SIM DENSITY" StaticText`
    t =     5.35s         Checking existence of `"SIM DENSITY" StaticText`
    t =     5.40s Waiting 10.0s for "SCROLL" StaticText to exist
    t =     6.47s     Checking `Expect predicate `existsNoRetry == 1` for object "SCROLL" StaticText`
    t =     6.47s         Checking existence of `"SCROLL" StaticText`
    t =     8.51s Tear Down
Test Case '-[SimDensityUITests.ShardedUITests test05_scrollLaunch]' passed (8.751 seconds).
Test Case '-[SimDensityUITests.ShardedUITests test09_scrollAgain]' started.
    t =     0.00s Start Test at 2026-08-17 00:32:01.997
    t =     0.02s Set Up
    t =     0.02s Open com.simdensity.app
    t =     0.02s     Launch com.simdensity.app
    t =     0.02s         Terminate com.simdensity.app:76948
2026-08-17 00:32:03.137 xcodebuild[76295:1521103] [MT] IDELaunchParametersSnapshot: The operation couldn’t be completed. (DebuggerLLDB.DebuggerVersionStore.StoreError error 0.)
2026-08-17 00:32:03.137 xcodebuild[76295:1521103] [MT] IDELaunchParametersSnapshot: no debugger version
    t =     1.37s         Setting up automation session
    t =     2.19s         Wait for com.simdensity.app to idle
    t =     3.38s Waiting 20.0s for "SIM DENSITY" StaticText to exist
    t =     4.47s     Checking `Expect predicate `existsNoRetry == 1` for object "SIM DENSITY" StaticText`
    t =     4.47s         Checking existence of `"SIM DENSITY" StaticText`
    t =     4.54s Waiting 10.0s for "SCROLL" StaticText to exist
    t =     5.62s     Checking `Expect predicate `existsNoRetry == 1` for object "SCROLL" StaticText`
    t =     5.62s         Checking existence of `"SCROLL" StaticText`
    t =     7.77s Tear Down
Test Case '-[SimDensityUITests.ShardedUITests test09_scrollAgain]' passed (8.082 seconds).
Test Suite 'ShardedUITests' passed at 2026-08-17 00:32:10.079.
	 Executed 3 tests, with 0 failures (0 unexpected) in 24.326 (24.328) seconds
Test Suite 'SimDensityUITests.xctest' passed at 2026-08-17 00:32:10.080.
	 Executed 3 tests, with 0 failures (0 unexpected) in 24.326 (24.329) seconds
Test Suite 'Selected tests' passed at 2026-08-17 00:32:10.081.
	 Executed 3 tests, with 0 failures (0 unexpected) in 24.326 (24.330) seconds
2026-08-17 00:32:10.636 xcodebuild[76295:1521103] [MT] IDETestOperationsObserverDebug: 137.592 elapsed -- Testing started completed.
2026-08-17 00:32:10.636 xcodebuild[76295:1521103] [MT] IDETestOperationsObserverDebug: 0.000 sec, +0.000 sec -- start
2026-08-17 00:32:10.636 xcodebuild[76295:1521103] [MT] IDETestOperationsObserverDebug: 137.592 sec, +137.592 sec -- end

Test session results, code coverage, and logs:
	/Users/ec2-user/Library/Developer/Xcode/DerivedData/SimDensity-cegnlukumlgrcperpulbbizlnsvs/Logs/Test/Test-SimDensity-2026.08.17_00-29-52-+0000.xcresult

** TEST EXECUTE SUCCEEDED **

Testing started
