Command line invocation:
    /Applications/Xcode.app/Contents/Developer/usr/bin/xcodebuild test-without-building -xctestrun /Users/ec2-user/actions-runner/_work/awsEC2iOS-test/awsEC2iOS-test/app/build/Build/Products/SimDensity_iphonesimulator26.5-arm64-x86_64.xctestrun -destination "platform=iOS Simulator,id=9C4D6168-2A2E-4EBF-8667-DC22FF6172E5" "-only-testing:SimDensityUITests/ShardedUITests/test05_scrollLaunch" "-only-testing:SimDensityUITests/ShardedUITests/test11_animateFinal"

2026-08-17 00:35:01.667 xcodebuild[78211:1554034] [MT] IDERunDestination: Supported platforms for the buildables in the current scheme is empty.
2026-08-17 00:35:01.671 xcodebuild[78211:1554034] [MT] IDERunDestination: Supported platforms for the buildables in the current scheme is empty.
2026-08-17 00:35:02.220 xcodebuild[78211:1554034] [MT] IDERunDestination: Supported platforms for the buildables in the current scheme is empty.
2026-08-17 00:36:56.944181+0000 SimDensityUITests-Runner[78885:1569671] [Default] Running tests...
objc[78885]: Class UIAccessibilityLoaderWebShared is implemented in both /Library/Developer/CoreSimulator/Volumes/iOS_23F77/Library/Developer/CoreSimulator/Profiles/Runtimes/iOS 26.5.simruntime/Contents/Resources/RuntimeRoot/System/Library/AccessibilityBundles/WebCore.axbundle/WebCore (0x10afc0310) and /Library/Developer/CoreSimulator/Volumes/iOS_23F77/Library/Developer/CoreSimulator/Profiles/Runtimes/iOS 26.5.simruntime/Contents/Resources/RuntimeRoot/System/Library/AccessibilityBundles/WebKit.axbundle/WebKit (0x109c2c398). This may cause spurious casting failures and mysterious crashes. One of the duplicates must be removed or renamed.
Test Suite 'Selected tests' started at 2026-08-17 00:37:00.862.
Test Suite 'SimDensityUITests.xctest' started at 2026-08-17 00:37:00.863.
Test Suite 'ShardedUITests' started at 2026-08-17 00:37:00.863.
Test Case '-[SimDensityUITests.ShardedUITests test05_scrollLaunch]' started.
    t =     0.00s Start Test at 2026-08-17 00:37:00.864
    t =     0.14s Set Up
    t =     0.15s Open com.simdensity.app
    t =     0.15s     Launch com.simdensity.app
2026-08-17 00:37:01.901 xcodebuild[78211:1554034] [MT] IDELaunchParametersSnapshot: The operation couldn’t be completed. (DebuggerLLDB.DebuggerVersionStore.StoreError error 0.)
2026-08-17 00:37:01.912 xcodebuild[78211:1554034] [MT] IDELaunchParametersSnapshot: no debugger version
    t =     1.91s         Setting up automation session
    t =     2.67s         Wait for com.simdensity.app to idle
    t =     3.87s Waiting 20.0s for "SIM DENSITY" StaticText to exist
    t =     4.94s     Checking `Expect predicate `existsNoRetry == 1` for object "SIM DENSITY" StaticText`
    t =     4.94s         Checking existence of `"SIM DENSITY" StaticText`
    t =     5.01s Waiting 10.0s for "SCROLL" StaticText to exist
    t =     6.09s     Checking `Expect predicate `existsNoRetry == 1` for object "SCROLL" StaticText`
    t =     6.09s         Checking existence of `"SCROLL" StaticText`
    t =     8.13s Tear Down
Test Case '-[SimDensityUITests.ShardedUITests test05_scrollLaunch]' passed (8.444 seconds).
Test Case '-[SimDensityUITests.ShardedUITests test11_animateFinal]' started.
    t =     0.00s Start Test at 2026-08-17 00:37:09.308
    t =     0.01s Set Up
    t =     0.01s Open com.simdensity.app
    t =     0.01s     Launch com.simdensity.app
    t =     0.01s         Terminate com.simdensity.app:78937
2026-08-17 00:37:10.371 xcodebuild[78211:1554034] [MT] IDELaunchParametersSnapshot: The operation couldn’t be completed. (DebuggerLLDB.DebuggerVersionStore.StoreError error 0.)
2026-08-17 00:37:10.371 xcodebuild[78211:1554034] [MT] IDELaunchParametersSnapshot: no debugger version
    t =     1.28s         Setting up automation session
    t =     2.11s         Wait for com.simdensity.app to idle
    t =     3.29s Waiting 20.0s for "SIM DENSITY" StaticText to exist
    t =     4.34s     Checking `Expect predicate `existsNoRetry == 1` for object "SIM DENSITY" StaticText`
    t =     4.34s         Checking existence of `"SIM DENSITY" StaticText`
    t =     4.36s Waiting 10.0s for "ANIMATE" StaticText to exist
    t =     5.44s     Checking `Expect predicate `existsNoRetry == 1` for object "ANIMATE" StaticText`
    t =     5.44s         Checking existence of `"ANIMATE" StaticText`
    t =     7.45s Tear Down
Test Case '-[SimDensityUITests.ShardedUITests test11_animateFinal]' passed (7.763 seconds).
Test Suite 'ShardedUITests' passed at 2026-08-17 00:37:17.071.
	 Executed 2 tests, with 0 failures (0 unexpected) in 16.207 (16.208) seconds
Test Suite 'SimDensityUITests.xctest' passed at 2026-08-17 00:37:17.071.
	 Executed 2 tests, with 0 failures (0 unexpected) in 16.207 (16.209) seconds
Test Suite 'Selected tests' passed at 2026-08-17 00:37:17.072.
	 Executed 2 tests, with 0 failures (0 unexpected) in 16.207 (16.209) seconds
2026-08-17 00:37:17.563 xcodebuild[78211:1554034] [MT] IDETestOperationsObserverDebug: 135.291 elapsed -- Testing started completed.
2026-08-17 00:37:17.563 xcodebuild[78211:1554034] [MT] IDETestOperationsObserverDebug: 0.000 sec, +0.000 sec -- start
2026-08-17 00:37:17.563 xcodebuild[78211:1554034] [MT] IDETestOperationsObserverDebug: 135.291 sec, +135.291 sec -- end

Test session results, code coverage, and logs:
	/Users/ec2-user/Library/Developer/Xcode/DerivedData/SimDensity-ccelzahzijifjkdgnyvhshhhepxs/Logs/Test/Test-SimDensity-2026.08.17_00-35-01-+0000.xcresult

** TEST EXECUTE SUCCEEDED **

Testing started
