Command line invocation:
    /Applications/Xcode.app/Contents/Developer/usr/bin/xcodebuild test-without-building -xctestrun /Users/ec2-user/actions-runner/_work/awsEC2iOS-test/awsEC2iOS-test/app/build/Build/Products/SimDensity_iphonesimulator26.5-arm64-x86_64.xctestrun -destination "platform=iOS Simulator,id=3234799F-7FB6-4215-A503-51CED077C895" "-only-testing:SimDensityUITests/ShardedUITests/test06_scrollSteady" "-only-testing:SimDensityUITests/ShardedUITests/test12_scrollFinal"

2026-08-17 00:35:01.646 xcodebuild[78213:1554044] [MT] IDERunDestination: Supported platforms for the buildables in the current scheme is empty.
2026-08-17 00:35:01.650 xcodebuild[78213:1554044] [MT] IDERunDestination: Supported platforms for the buildables in the current scheme is empty.
2026-08-17 00:35:02.287 xcodebuild[78213:1554044] [MT] IDERunDestination: Supported platforms for the buildables in the current scheme is empty.
2026-08-17 00:40:04.938726+0000 SimDensityUITests-Runner[79480:1582226] [Default] Running tests...
2026-08-17 00:40:04.970118+0000 SimDensityUITests-Runner[79480:1582436] [General] Failed to send CA Event for app launch measurements for ca_event_type: 0 event_name: com.apple.app_launch_measurement.FirstFramePresentationMetric
2026-08-17 00:40:05.012074+0000 SimDensityUITests-Runner[79480:1582433] [General] Failed to send CA Event for app launch measurements for ca_event_type: 1 event_name: com.apple.app_launch_measurement.ExtendedLaunchMetrics
objc[79480]: Class UIAccessibilityLoaderWebShared is implemented in both /Library/Developer/CoreSimulator/Volumes/iOS_23F77/Library/Developer/CoreSimulator/Profiles/Runtimes/iOS 26.5.simruntime/Contents/Resources/RuntimeRoot/System/Library/AccessibilityBundles/WebCore.axbundle/WebCore (0x105d24310) and /Library/Developer/CoreSimulator/Volumes/iOS_23F77/Library/Developer/CoreSimulator/Profiles/Runtimes/iOS 26.5.simruntime/Contents/Resources/RuntimeRoot/System/Library/AccessibilityBundles/WebKit.axbundle/WebKit (0x1057c0398). This may cause spurious casting failures and mysterious crashes. One of the duplicates must be removed or renamed.
    t =      nans Interface orientation changed to Portrait
Test Suite 'Selected tests' started at 2026-08-17 00:40:08.812.
Test Suite 'SimDensityUITests.xctest' started at 2026-08-17 00:40:08.813.
Test Suite 'ShardedUITests' started at 2026-08-17 00:40:08.813.
Test Case '-[SimDensityUITests.ShardedUITests test06_scrollSteady]' started.
    t =     0.00s Start Test at 2026-08-17 00:40:08.815
    t =     0.15s Set Up
    t =     0.16s Open com.simdensity.app
    t =     0.16s     Launch com.simdensity.app
2026-08-17 00:40:09.300 xcodebuild[78213:1554044] [MT] IDELaunchParametersSnapshot: The operation couldn’t be completed. (DebuggerLLDB.DebuggerVersionStore.StoreError error 0.)
2026-08-17 00:40:09.300 xcodebuild[78213:1554044] [MT] IDELaunchParametersSnapshot: no debugger version
    t =     1.55s         Setting up automation session
    t =     2.41s         Wait for com.simdensity.app to idle
    t =     3.61s Waiting 20.0s for "SIM DENSITY" StaticText to exist
    t =     4.69s     Checking `Expect predicate `existsNoRetry == 1` for object "SIM DENSITY" StaticText`
    t =     4.69s         Checking existence of `"SIM DENSITY" StaticText`
    t =     4.76s Waiting 10.0s for "SCROLL" StaticText to exist
    t =     5.83s     Checking `Expect predicate `existsNoRetry == 1` for object "SCROLL" StaticText`
    t =     5.83s         Checking existence of `"SCROLL" StaticText`
    t =     7.86s Tear Down
Test Case '-[SimDensityUITests.ShardedUITests test06_scrollSteady]' passed (8.122 seconds).
Test Case '-[SimDensityUITests.ShardedUITests test12_scrollFinal]' started.
    t =     0.00s Start Test at 2026-08-17 00:40:16.937
    t =     0.02s Set Up
    t =     0.03s Open com.simdensity.app
    t =     0.03s     Launch com.simdensity.app
    t =     0.03s         Terminate com.simdensity.app:79530
2026-08-17 00:40:18.056 xcodebuild[78213:1554044] [MT] IDELaunchParametersSnapshot: The operation couldn’t be completed. (DebuggerLLDB.DebuggerVersionStore.StoreError error 0.)
2026-08-17 00:40:18.056 xcodebuild[78213:1554044] [MT] IDELaunchParametersSnapshot: no debugger version
    t =     1.34s         Setting up automation session
    t =     2.17s         Wait for com.simdensity.app to idle
    t =     3.36s Waiting 20.0s for "SIM DENSITY" StaticText to exist
    t =     4.43s     Checking `Expect predicate `existsNoRetry == 1` for object "SIM DENSITY" StaticText`
    t =     4.43s         Checking existence of `"SIM DENSITY" StaticText`
    t =     4.52s Waiting 10.0s for "SCROLL" StaticText to exist
    t =     5.60s     Checking `Expect predicate `existsNoRetry == 1` for object "SCROLL" StaticText`
    t =     5.60s         Checking existence of `"SCROLL" StaticText`
    t =     7.64s Tear Down
Test Case '-[SimDensityUITests.ShardedUITests test12_scrollFinal]' passed (7.901 seconds).
Test Suite 'ShardedUITests' passed at 2026-08-17 00:40:24.838.
	 Executed 2 tests, with 0 failures (0 unexpected) in 16.023 (16.025) seconds
Test Suite 'SimDensityUITests.xctest' passed at 2026-08-17 00:40:24.838.
	 Executed 2 tests, with 0 failures (0 unexpected) in 16.023 (16.025) seconds
Test Suite 'Selected tests' passed at 2026-08-17 00:40:24.839.
	 Executed 2 tests, with 0 failures (0 unexpected) in 16.023 (16.027) seconds
2026-08-17 00:40:25.230 xcodebuild[78213:1554044] [MT] IDETestOperationsObserverDebug: 322.932 elapsed -- Testing started completed.
2026-08-17 00:40:25.230 xcodebuild[78213:1554044] [MT] IDETestOperationsObserverDebug: 0.000 sec, +0.000 sec -- start
2026-08-17 00:40:25.230 xcodebuild[78213:1554044] [MT] IDETestOperationsObserverDebug: 322.932 sec, +322.932 sec -- end

Test session results, code coverage, and logs:
	/Users/ec2-user/Library/Developer/Xcode/DerivedData/SimDensity-dmtvaruqptzspidhmvvzroagzsrk/Logs/Test/Test-SimDensity-2026.08.17_00-35-01-+0000.xcresult

** TEST EXECUTE SUCCEEDED **

Testing started
