Command line invocation:
    /Applications/Xcode.app/Contents/Developer/usr/bin/xcodebuild test-without-building -xctestrun /Users/ec2-user/actions-runner/_work/awsEC2iOS-test/awsEC2iOS-test/app/build/Build/Products/SimDensity_iphonesimulator26.5-arm64-x86_64.xctestrun -destination "platform=iOS Simulator,id=71F1536E-ED8C-4029-8D33-A632C9F2AB68" "-only-testing:SimDensityUITests/ShardedUITests/test03_animateLaunch" "-only-testing:SimDensityUITests/ShardedUITests/test09_scrollAgain"

2026-08-17 00:35:01.597 xcodebuild[78207:1554060] [MT] IDERunDestination: Supported platforms for the buildables in the current scheme is empty.
2026-08-17 00:35:01.601 xcodebuild[78207:1554060] [MT] IDERunDestination: Supported platforms for the buildables in the current scheme is empty.
2026-08-17 00:35:02.252 xcodebuild[78207:1554060] [MT] IDERunDestination: Supported platforms for the buildables in the current scheme is empty.
2026-08-17 00:35:42.319721+0000 SimDensityUITests-Runner[78659:1564114] [Default] Running tests...
objc[78659]: Class UIAccessibilityLoaderWebShared is implemented in both /Library/Developer/CoreSimulator/Volumes/iOS_23F77/Library/Developer/CoreSimulator/Profiles/Runtimes/iOS 26.5.simruntime/Contents/Resources/RuntimeRoot/System/Library/AccessibilityBundles/WebCore.axbundle/WebCore (0x107ad0310) and /Library/Developer/CoreSimulator/Volumes/iOS_23F77/Library/Developer/CoreSimulator/Profiles/Runtimes/iOS 26.5.simruntime/Contents/Resources/RuntimeRoot/System/Library/AccessibilityBundles/WebKit.axbundle/WebKit (0x106f70398). This may cause spurious casting failures and mysterious crashes. One of the duplicates must be removed or renamed.
    t =      nans Interface orientation changed to Portrait
Test Suite 'Selected tests' started at 2026-08-17 00:35:46.074.
Test Suite 'SimDensityUITests.xctest' started at 2026-08-17 00:35:46.075.
Test Suite 'ShardedUITests' started at 2026-08-17 00:35:46.075.
Test Case '-[SimDensityUITests.ShardedUITests test03_animateLaunch]' started.
    t =     0.00s Start Test at 2026-08-17 00:35:46.076
    t =     0.40s Set Up
    t =     0.40s Open com.simdensity.app
    t =     0.40s     Launch com.simdensity.app
2026-08-17 00:35:46.946 xcodebuild[78207:1554060] [MT] IDELaunchParametersSnapshot: The operation couldn’t be completed. (DebuggerLLDB.DebuggerVersionStore.StoreError error 0.)
2026-08-17 00:35:46.946 xcodebuild[78207:1554060] [MT] IDELaunchParametersSnapshot: no debugger version
    t =     1.96s         Setting up automation session
    t =     2.76s         Wait for com.simdensity.app to idle
    t =     3.97s Waiting 20.0s for "SIM DENSITY" StaticText to exist
    t =     4.99s     Checking `Expect predicate `existsNoRetry == 1` for object "SIM DENSITY" StaticText`
    t =     4.99s         Checking existence of `"SIM DENSITY" StaticText`
    t =     5.02s Waiting 10.0s for "ANIMATE" StaticText to exist
    t =     6.10s     Checking `Expect predicate `existsNoRetry == 1` for object "ANIMATE" StaticText`
    t =     6.10s         Checking existence of `"ANIMATE" StaticText`
    t =     8.11s Tear Down
Test Case '-[SimDensityUITests.ShardedUITests test03_animateLaunch]' passed (8.353 seconds).
Test Case '-[SimDensityUITests.ShardedUITests test09_scrollAgain]' started.
    t =     0.00s Start Test at 2026-08-17 00:35:54.430
    t =     0.02s Set Up
    t =     0.02s Open com.simdensity.app
    t =     0.02s     Launch com.simdensity.app
    t =     0.02s         Terminate com.simdensity.app:78696
2026-08-17 00:35:55.496 xcodebuild[78207:1554060] [MT] IDELaunchParametersSnapshot: The operation couldn’t be completed. (DebuggerLLDB.DebuggerVersionStore.StoreError error 0.)
2026-08-17 00:35:55.510 xcodebuild[78207:1554060] [MT] IDELaunchParametersSnapshot: no debugger version
    t =     1.54s         Setting up automation session
    t =     2.38s         Wait for com.simdensity.app to idle
    t =     3.61s Waiting 20.0s for "SIM DENSITY" StaticText to exist
    t =     4.61s     Checking `Expect predicate `existsNoRetry == 1` for object "SIM DENSITY" StaticText`
    t =     4.62s         Checking existence of `"SIM DENSITY" StaticText`
    t =     4.67s Waiting 10.0s for "SCROLL" StaticText to exist
    t =     5.76s     Checking `Expect predicate `existsNoRetry == 1` for object "SCROLL" StaticText`
    t =     5.76s         Checking existence of `"SCROLL" StaticText`
    t =     7.83s Tear Down
Test Case '-[SimDensityUITests.ShardedUITests test09_scrollAgain]' passed (8.213 seconds).
Test Suite 'ShardedUITests' passed at 2026-08-17 00:36:02.643.
	 Executed 2 tests, with 0 failures (0 unexpected) in 16.566 (16.568) seconds
Test Suite 'SimDensityUITests.xctest' passed at 2026-08-17 00:36:02.643.
	 Executed 2 tests, with 0 failures (0 unexpected) in 16.566 (16.569) seconds
Test Suite 'Selected tests' passed at 2026-08-17 00:36:02.644.
	 Executed 2 tests, with 0 failures (0 unexpected) in 16.566 (16.569) seconds
2026-08-17 00:36:03.289 xcodebuild[78207:1554060] [MT] IDETestOperationsObserverDebug: 61.034 elapsed -- Testing started completed.
2026-08-17 00:36:03.289 xcodebuild[78207:1554060] [MT] IDETestOperationsObserverDebug: 0.000 sec, +0.000 sec -- start
2026-08-17 00:36:03.289 xcodebuild[78207:1554060] [MT] IDETestOperationsObserverDebug: 61.034 sec, +61.034 sec -- end

Test session results, code coverage, and logs:
	/Users/ec2-user/Library/Developer/Xcode/DerivedData/SimDensity-gypelsundxrjipfamvokdahzoxri/Logs/Test/Test-SimDensity-2026.08.17_00-35-01-+0000.xcresult

** TEST EXECUTE SUCCEEDED **

Testing started
