Command line invocation:
    /Applications/Xcode.app/Contents/Developer/usr/bin/xcodebuild test-without-building -xctestrun /Users/ec2-user/actions-runner/_work/awsEC2iOS-test/awsEC2iOS-test/app/build/Build/Products/SimDensity_iphonesimulator26.5-arm64-x86_64.xctestrun -destination "platform=iOS Simulator,id=3A20B1DD-C1B5-4814-85E4-1D7855595EA0" "-only-testing:SimDensityUITests/ShardedUITests/test08_animateAgain"

2026-08-17 00:42:51.198 xcodebuild[80934:1600280] [MT] IDERunDestination: Supported platforms for the buildables in the current scheme is empty.
2026-08-17 00:42:51.442 xcodebuild[80934:1600280] [MT] IDERunDestination: Supported platforms for the buildables in the current scheme is empty.
2026-08-17 00:42:55.387 xcodebuild[80934:1600280] [MT] IDERunDestination: Supported platforms for the buildables in the current scheme is empty.
2026-08-17 00:43:09.048 xcodebuild[80934:1600280] [MT] IDERunDestination: Supported platforms for the buildables in the current scheme is empty.
2026-08-17 00:43:10.381 xcodebuild[80934:1600280] [MT] IDERunDestination: Supported platforms for the buildables in the current scheme is empty.
2026-08-17 00:49:42.301158+0000 SimDensityUITests-Runner[82063:1629549] [Default] Running tests...
objc[82063]: Class UIAccessibilityLoaderWebShared is implemented in both /Library/Developer/CoreSimulator/Volumes/iOS_23F77/Library/Developer/CoreSimulator/Profiles/Runtimes/iOS 26.5.simruntime/Contents/Resources/RuntimeRoot/System/Library/AccessibilityBundles/WebCore.axbundle/WebCore (0x106e0c310) and /Library/Developer/CoreSimulator/Volumes/iOS_23F77/Library/Developer/CoreSimulator/Profiles/Runtimes/iOS 26.5.simruntime/Contents/Resources/RuntimeRoot/System/Library/AccessibilityBundles/WebKit.axbundle/WebKit (0x1062ac398). This may cause spurious casting failures and mysterious crashes. One of the duplicates must be removed or renamed.
Test Suite 'Selected tests' started at 2026-08-17 00:49:49.610.
Test Suite 'SimDensityUITests.xctest' started at 2026-08-17 00:49:49.610.
Test Suite 'ShardedUITests' started at 2026-08-17 00:49:49.610.
Test Case '-[SimDensityUITests.ShardedUITests test08_animateAgain]' started.
    t =     0.00s Start Test at 2026-08-17 00:49:49.612
    t =    60.03s Set Up
    t =    60.03s Open com.simdensity.app
    t =    90.09s     Launch com.simdensity.app
2026-08-17 00:51:20.413 xcodebuild[80934:1600280] [MT] IDELaunchParametersSnapshot: The operation couldn’t be completed. (DebuggerLLDB.DebuggerVersionStore.StoreError error 0.)
2026-08-17 00:51:20.414 xcodebuild[80934:1600280] [MT] IDELaunchParametersSnapshot: no debugger version
    t =   158.56s         Interface orientation changed to Portrait
    t =   159.96s         Setting up automation session
    t =   161.16s         Wait for com.simdensity.app to idle
    t =   162.37s Waiting 20.0s for "SIM DENSITY" StaticText to exist
    t =   163.50s     Checking `Expect predicate `existsNoRetry == 1` for object "SIM DENSITY" StaticText`
    t =   163.50s         Checking existence of `"SIM DENSITY" StaticText`
    t =   163.59s Waiting 10.0s for "ANIMATE" StaticText to exist
    t =   164.67s     Checking `Expect predicate `existsNoRetry == 1` for object "ANIMATE" StaticText`
    t =   164.67s         Checking existence of `"ANIMATE" StaticText`
    t =   166.71s Tear Down
Test Case '-[SimDensityUITests.ShardedUITests test08_animateAgain]' passed (167.066 seconds).
Test Suite 'ShardedUITests' passed at 2026-08-17 00:52:36.678.
	 Executed 1 test, with 0 failures (0 unexpected) in 167.066 (167.068) seconds
Test Suite 'SimDensityUITests.xctest' passed at 2026-08-17 00:52:36.678.
	 Executed 1 test, with 0 failures (0 unexpected) in 167.066 (167.068) seconds
Test Suite 'Selected tests' passed at 2026-08-17 00:52:36.679.
	 Executed 1 test, with 0 failures (0 unexpected) in 167.066 (167.069) seconds
2026-08-17 00:52:37.684 xcodebuild[80934:1600280] [MT] IDETestOperationsObserverDebug: 568.595 elapsed -- Testing started completed.
2026-08-17 00:52:37.684 xcodebuild[80934:1600280] [MT] IDETestOperationsObserverDebug: 0.000 sec, +0.000 sec -- start
2026-08-17 00:52:37.684 xcodebuild[80934:1600280] [MT] IDETestOperationsObserverDebug: 568.595 sec, +568.595 sec -- end

Test session results, code coverage, and logs:
	/Users/ec2-user/Library/Developer/Xcode/DerivedData/SimDensity-bguasajzxbtkjqedxudmwxstkvgv/Logs/Test/Test-SimDensity-2026.08.17_00-42-55-+0000.xcresult

** TEST EXECUTE SUCCEEDED **

Testing started
