Command line invocation:
    /Applications/Xcode.app/Contents/Developer/usr/bin/xcodebuild test-without-building -xctestrun /Users/ec2-user/actions-runner/_work/awsEC2iOS-test/awsEC2iOS-test/app/build/Build/Products/SimDensity_iphonesimulator26.5-arm64-x86_64.xctestrun -destination "platform=iOS Simulator,id=CDC8AD83-06B6-4A34-B06C-D081225C1F6D" "-only-testing:SimDensityUITests/ShardedUITests/test04_animateSteady" "-only-testing:SimDensityUITests/ShardedUITests/test12_scrollFinal"

2026-08-17 00:42:51.274 xcodebuild[80931:1600278] [MT] IDERunDestination: Supported platforms for the buildables in the current scheme is empty.
2026-08-17 00:42:51.520 xcodebuild[80931:1600278] [MT] IDERunDestination: Supported platforms for the buildables in the current scheme is empty.
2026-08-17 00:42:55.416 xcodebuild[80931:1600278] [MT] IDERunDestination: Supported platforms for the buildables in the current scheme is empty.
2026-08-17 00:43:09.055 xcodebuild[80931:1600278] [MT] IDERunDestination: Supported platforms for the buildables in the current scheme is empty.
2026-08-17 00:43:09.871 xcodebuild[80931:1600278] [MT] IDERunDestination: Supported platforms for the buildables in the current scheme is empty.
2026-08-17 00:49:16.865125+0000 SimDensityUITests-Runner[81878:1625821] [Default] Running tests...
objc[81878]: Class UIAccessibilityLoaderWebShared is implemented in both /Library/Developer/CoreSimulator/Volumes/iOS_23F77/Library/Developer/CoreSimulator/Profiles/Runtimes/iOS 26.5.simruntime/Contents/Resources/RuntimeRoot/System/Library/AccessibilityBundles/WebCore.axbundle/WebCore (0x10b5b8310) and /Library/Developer/CoreSimulator/Volumes/iOS_23F77/Library/Developer/CoreSimulator/Profiles/Runtimes/iOS 26.5.simruntime/Contents/Resources/RuntimeRoot/System/Library/AccessibilityBundles/WebKit.axbundle/WebKit (0x109e38398). This may cause spurious casting failures and mysterious crashes. One of the duplicates must be removed or renamed.
Test Suite 'Selected tests' started at 2026-08-17 00:49:41.593.
Test Suite 'SimDensityUITests.xctest' started at 2026-08-17 00:49:41.632.
Test Suite 'ShardedUITests' started at 2026-08-17 00:49:41.633.
Test Case '-[SimDensityUITests.ShardedUITests test04_animateSteady]' started.
    t =     0.01s Start Test at 2026-08-17 00:49:41.641
    t =     0.25s Set Up
    t =     0.37s Open com.simdensity.app
    t =     0.37s     Launch com.simdensity.app
2026-08-17 00:49:44.017 xcodebuild[80931:1600278] [MT] IDELaunchParametersSnapshot: The operation couldn’t be completed. (DebuggerLLDB.DebuggerVersionStore.StoreError error 0.)
2026-08-17 00:49:44.017 xcodebuild[80931:1600278] [MT] IDELaunchParametersSnapshot: no debugger version
    t =     7.44s         Setting up automation session
    t =     8.34s         Wait for com.simdensity.app to idle
    t =     9.55s Waiting 20.0s for "SIM DENSITY" StaticText to exist
    t =    10.60s     Checking `Expect predicate `existsNoRetry == 1` for object "SIM DENSITY" StaticText`
    t =    10.60s         Checking existence of `"SIM DENSITY" StaticText`
    t =    10.81s Waiting 10.0s for "ANIMATE" StaticText to exist
    t =    11.88s     Checking `Expect predicate `existsNoRetry == 1` for object "ANIMATE" StaticText`
    t =    11.88s         Checking existence of `"ANIMATE" StaticText`
    t =    14.05s Tear Down
Test Case '-[SimDensityUITests.ShardedUITests test04_animateSteady]' passed (14.641 seconds).
Test Case '-[SimDensityUITests.ShardedUITests test12_scrollFinal]' started.
    t =     0.00s Start Test at 2026-08-17 00:49:56.282
    t =     0.06s Set Up
    t =     0.06s Open com.simdensity.app
    t =     0.06s     Launch com.simdensity.app
    t =     0.06s         Terminate com.simdensity.app:82138
2026-08-17 00:49:57.448 xcodebuild[80931:1600278] [MT] IDELaunchParametersSnapshot: The operation couldn’t be completed. (DebuggerLLDB.DebuggerVersionStore.StoreError error 0.)
2026-08-17 00:49:57.449 xcodebuild[80931:1600278] [MT] IDELaunchParametersSnapshot: no debugger version
    t =     1.72s         Setting up automation session
    t =     2.37s         Wait for com.simdensity.app to idle
    t =     3.58s Waiting 20.0s for "SIM DENSITY" StaticText to exist
    t =     4.59s     Checking `Expect predicate `existsNoRetry == 1` for object "SIM DENSITY" StaticText`
    t =     4.59s         Checking existence of `"SIM DENSITY" StaticText`
    t =     5.03s Waiting 10.0s for "SCROLL" StaticText to exist
    t =     6.14s     Checking `Expect predicate `existsNoRetry == 1` for object "SCROLL" StaticText`
    t =     6.14s         Checking existence of `"SCROLL" StaticText`
    t =     8.19s Tear Down
Test Case '-[SimDensityUITests.ShardedUITests test12_scrollFinal]' passed (8.436 seconds).
Test Suite 'ShardedUITests' passed at 2026-08-17 00:50:04.717.
	 Executed 2 tests, with 0 failures (0 unexpected) in 23.077 (23.084) seconds
Test Suite 'SimDensityUITests.xctest' passed at 2026-08-17 00:50:04.717.
	 Executed 2 tests, with 0 failures (0 unexpected) in 23.077 (23.085) seconds
Test Suite 'Selected tests' passed at 2026-08-17 00:50:04.718.
	 Executed 2 tests, with 0 failures (0 unexpected) in 23.077 (23.125) seconds
2026-08-17 00:50:05.290 xcodebuild[80931:1600278] [MT] IDETestOperationsObserverDebug: 416.203 elapsed -- Testing started completed.
2026-08-17 00:50:05.290 xcodebuild[80931:1600278] [MT] IDETestOperationsObserverDebug: 0.000 sec, +0.000 sec -- start
2026-08-17 00:50:05.290 xcodebuild[80931:1600278] [MT] IDETestOperationsObserverDebug: 416.203 sec, +416.203 sec -- end

Test session results, code coverage, and logs:
	/Users/ec2-user/Library/Developer/Xcode/DerivedData/SimDensity-bcivcjphsutjvhccmreotyjfazpk/Logs/Test/Test-SimDensity-2026.08.17_00-42-55-+0000.xcresult

** TEST EXECUTE SUCCEEDED **

Testing started
