Command line invocation:
    /Applications/Xcode.app/Contents/Developer/usr/bin/xcodebuild test-without-building -xctestrun /Users/ec2-user/actions-runner/_work/awsEC2iOS-test/awsEC2iOS-test/app/build/Build/Products/SimDensity_iphonesimulator26.5-arm64-x86_64.xctestrun -destination "platform=iOS Simulator,id=D794A5B6-5828-4F57-B864-0E0ACA5A9926" "-only-testing:SimDensityUITests/ShardedUITests/test03_animateLaunch" "-only-testing:SimDensityUITests/ShardedUITests/test11_animateFinal"

2026-08-17 00:42:51.190 xcodebuild[80932:1600279] [MT] IDERunDestination: Supported platforms for the buildables in the current scheme is empty.
2026-08-17 00:42:51.430 xcodebuild[80932:1600279] [MT] IDERunDestination: Supported platforms for the buildables in the current scheme is empty.
2026-08-17 00:42:55.399 xcodebuild[80932:1600279] [MT] IDERunDestination: Supported platforms for the buildables in the current scheme is empty.
2026-08-17 00:43:09.057 xcodebuild[80932:1600279] [MT] IDERunDestination: Supported platforms for the buildables in the current scheme is empty.
2026-08-17 00:43:10.411 xcodebuild[80932:1600279] [MT] IDERunDestination: Supported platforms for the buildables in the current scheme is empty.
2026-08-17 00:49:12.765382+0000 SimDensityUITests-Runner[81841:1625162] [Default] Running tests...
objc[81841]: Class UIAccessibilityLoaderWebShared is implemented in both /Library/Developer/CoreSimulator/Volumes/iOS_23F77/Library/Developer/CoreSimulator/Profiles/Runtimes/iOS 26.5.simruntime/Contents/Resources/RuntimeRoot/System/Library/AccessibilityBundles/WebCore.axbundle/WebCore (0x10b250310) and /Library/Developer/CoreSimulator/Volumes/iOS_23F77/Library/Developer/CoreSimulator/Profiles/Runtimes/iOS 26.5.simruntime/Contents/Resources/RuntimeRoot/System/Library/AccessibilityBundles/WebKit.axbundle/WebKit (0x109b44398). This may cause spurious casting failures and mysterious crashes. One of the duplicates must be removed or renamed.
    t =      nans Interface orientation changed to Portrait
Test Suite 'Selected tests' started at 2026-08-17 00:49:36.671.
Test Suite 'SimDensityUITests.xctest' started at 2026-08-17 00:49:36.672.
Test Suite 'ShardedUITests' started at 2026-08-17 00:49:36.672.
Test Case '-[SimDensityUITests.ShardedUITests test03_animateLaunch]' started.
    t =     0.06s Start Test at 2026-08-17 00:49:36.736
    t =     0.24s Set Up
    t =     0.37s Open com.simdensity.app
    t =     0.39s     Launch com.simdensity.app
2026-08-17 00:49:37.688 xcodebuild[80932:1600279] [MT] IDELaunchParametersSnapshot: The operation couldn’t be completed. (DebuggerLLDB.DebuggerVersionStore.StoreError error 0.)
2026-08-17 00:49:37.693 xcodebuild[80932:1600279] [MT] IDELaunchParametersSnapshot: no debugger version
    t =     3.56s         Setting up automation session
    t =     4.43s         Wait for com.simdensity.app to idle
    t =     5.71s Waiting 20.0s for "SIM DENSITY" StaticText to exist
    t =     6.75s     Checking `Expect predicate `existsNoRetry == 1` for object "SIM DENSITY" StaticText`
    t =     6.75s         Checking existence of `"SIM DENSITY" StaticText`
    t =     8.23s Waiting 10.0s for "ANIMATE" StaticText to exist
    t =     9.30s     Checking `Expect predicate `existsNoRetry == 1` for object "ANIMATE" StaticText`
    t =     9.30s         Checking existence of `"ANIMATE" StaticText`
    t =    11.35s Tear Down
Test Case '-[SimDensityUITests.ShardedUITests test03_animateLaunch]' passed (11.769 seconds).
Test Case '-[SimDensityUITests.ShardedUITests test11_animateFinal]' started.
    t =     0.00s Start Test at 2026-08-17 00:49:48.445
    t =     0.11s Set Up
    t =     0.11s Open com.simdensity.app
    t =     0.11s     Launch com.simdensity.app
    t =     0.11s         Terminate com.simdensity.app:82075
2026-08-17 00:49:49.809 xcodebuild[80932:1600279] [MT] IDELaunchParametersSnapshot: The operation couldn’t be completed. (DebuggerLLDB.DebuggerVersionStore.StoreError error 0.)
2026-08-17 00:49:49.809 xcodebuild[80932:1600279] [MT] IDELaunchParametersSnapshot: no debugger version
    t =     2.43s         Setting up automation session
    t =     3.21s         Wait for com.simdensity.app to idle
    t =     4.41s Waiting 20.0s for "SIM DENSITY" StaticText to exist
    t =     5.51s     Checking `Expect predicate `existsNoRetry == 1` for object "SIM DENSITY" StaticText`
    t =     5.51s         Checking existence of `"SIM DENSITY" StaticText`
    t =     5.66s Waiting 10.0s for "ANIMATE" StaticText to exist
    t =     6.69s     Checking `Expect predicate `existsNoRetry == 1` for object "ANIMATE" StaticText`
    t =     6.69s         Checking existence of `"ANIMATE" StaticText`
    t =     9.05s Tear Down
Test Case '-[SimDensityUITests.ShardedUITests test11_animateFinal]' passed (9.309 seconds).
Test Suite 'ShardedUITests' passed at 2026-08-17 00:49:57.754.
	 Executed 2 tests, with 0 failures (0 unexpected) in 21.077 (21.082) seconds
Test Suite 'SimDensityUITests.xctest' passed at 2026-08-17 00:49:57.755.
	 Executed 2 tests, with 0 failures (0 unexpected) in 21.077 (21.083) seconds
Test Suite 'Selected tests' passed at 2026-08-17 00:49:57.755.
	 Executed 2 tests, with 0 failures (0 unexpected) in 21.077 (21.084) seconds
2026-08-17 00:49:59.379 xcodebuild[80932:1600279] [MT] IDETestOperationsObserverDebug: 410.286 elapsed -- Testing started completed.
2026-08-17 00:49:59.407 xcodebuild[80932:1600279] [MT] IDETestOperationsObserverDebug: 0.000 sec, +0.000 sec -- start
2026-08-17 00:49:59.407 xcodebuild[80932:1600279] [MT] IDETestOperationsObserverDebug: 410.286 sec, +410.286 sec -- end

Test session results, code coverage, and logs:
	/Users/ec2-user/Library/Developer/Xcode/DerivedData/SimDensity-bbpuasqdswttdbdjcaqjydnzdamx/Logs/Test/Test-SimDensity-2026.08.17_00-42-55-+0000.xcresult

** TEST EXECUTE SUCCEEDED **

Testing started
