Command line invocation:
    /Applications/Xcode.app/Contents/Developer/usr/bin/xcodebuild test-without-building -xctestrun /Users/ec2-user/actions-runner/_work/awsEC2iOS-test/awsEC2iOS-test/app/build/Build/Products/SimDensity_iphonesimulator26.5-arm64-x86_64.xctestrun -destination "platform=iOS Simulator,id=883B79A6-34D1-4E0D-886E-C7CED159EAB0" "-only-testing:SimDensityUITests/ShardedUITests/test06_scrollSteady"

2026-08-17 00:42:51.178 xcodebuild[80933:1600281] [MT] IDERunDestination: Supported platforms for the buildables in the current scheme is empty.
2026-08-17 00:42:51.417 xcodebuild[80933:1600281] [MT] IDERunDestination: Supported platforms for the buildables in the current scheme is empty.
2026-08-17 00:42:55.417 xcodebuild[80933:1600281] [MT] IDERunDestination: Supported platforms for the buildables in the current scheme is empty.
2026-08-17 00:43:09.043 xcodebuild[80933:1600281] [MT] IDERunDestination: Supported platforms for the buildables in the current scheme is empty.
2026-08-17 00:43:10.069 xcodebuild[80933:1600281] [MT] IDERunDestination: Supported platforms for the buildables in the current scheme is empty.
2026-08-17 00:49:31.607813+0000 SimDensityUITests-Runner[81976:1627822] [Default] Running tests...
objc[81976]: Class UIAccessibilityLoaderWebShared is implemented in both /Library/Developer/CoreSimulator/Volumes/iOS_23F77/Library/Developer/CoreSimulator/Profiles/Runtimes/iOS 26.5.simruntime/Contents/Resources/RuntimeRoot/System/Library/AccessibilityBundles/WebCore.axbundle/WebCore (0x108ed4310) and /Library/Developer/CoreSimulator/Volumes/iOS_23F77/Library/Developer/CoreSimulator/Profiles/Runtimes/iOS 26.5.simruntime/Contents/Resources/RuntimeRoot/System/Library/AccessibilityBundles/WebKit.axbundle/WebKit (0x1077c0398). This may cause spurious casting failures and mysterious crashes. One of the duplicates must be removed or renamed.
Test Suite 'Selected tests' started at 2026-08-17 00:49:42.864.
Test Suite 'SimDensityUITests.xctest' started at 2026-08-17 00:49:42.864.
Test Suite 'ShardedUITests' started at 2026-08-17 00:49:42.865.
Test Case '-[SimDensityUITests.ShardedUITests test06_scrollSteady]' started.
    t =     0.00s Start Test at 2026-08-17 00:49:42.870
    t =    60.07s Set Up
    t =    60.08s Open com.simdensity.app
    t =    90.09s     Launch com.simdensity.app
2026-08-17 00:51:13.741 xcodebuild[80933:1600281] [MT] IDELaunchParametersSnapshot: The operation couldn’t be completed. (DebuggerLLDB.DebuggerVersionStore.StoreError error 0.)
2026-08-17 00:51:13.751 xcodebuild[80933:1600281] [MT] IDELaunchParametersSnapshot: no debugger version
    t =   165.92s         Interface orientation changed to Portrait
    t =   168.05s         Setting up automation session
    t =   169.07s         Wait for com.simdensity.app to idle
    t =   170.25s Waiting 20.0s for "SIM DENSITY" StaticText to exist
    t =   171.32s     Checking `Expect predicate `existsNoRetry == 1` for object "SIM DENSITY" StaticText`
    t =   171.32s         Checking existence of `"SIM DENSITY" StaticText`
    t =   171.38s Waiting 10.0s for "SCROLL" StaticText to exist
    t =   172.45s     Checking `Expect predicate `existsNoRetry == 1` for object "SCROLL" StaticText`
    t =   172.45s         Checking existence of `"SCROLL" StaticText`
    t =   174.50s Tear Down
Test Case '-[SimDensityUITests.ShardedUITests test06_scrollSteady]' passed (176.354 seconds).
Test Suite 'ShardedUITests' passed at 2026-08-17 00:52:39.224.
	 Executed 1 test, with 0 failures (0 unexpected) in 176.354 (176.359) seconds
Test Suite 'SimDensityUITests.xctest' passed at 2026-08-17 00:52:39.224.
	 Executed 1 test, with 0 failures (0 unexpected) in 176.354 (176.360) seconds
Test Suite 'Selected tests' passed at 2026-08-17 00:52:39.224.
	 Executed 1 test, with 0 failures (0 unexpected) in 176.354 (176.361) seconds
2026-08-17 00:52:40.080 xcodebuild[80933:1600281] [MT] IDETestOperationsObserverDebug: 570.993 elapsed -- Testing started completed.
2026-08-17 00:52:40.081 xcodebuild[80933:1600281] [MT] IDETestOperationsObserverDebug: 0.000 sec, +0.000 sec -- start
2026-08-17 00:52:40.081 xcodebuild[80933:1600281] [MT] IDETestOperationsObserverDebug: 570.993 sec, +570.993 sec -- end

Test session results, code coverage, and logs:
	/Users/ec2-user/Library/Developer/Xcode/DerivedData/SimDensity-dmkfhnkjsdplgacpcyvzlqcvggnw/Logs/Test/Test-SimDensity-2026.08.17_00-42-55-+0000.xcresult

** TEST EXECUTE SUCCEEDED **

Testing started
