Command line invocation:
    /Applications/Xcode.app/Contents/Developer/usr/bin/xcodebuild test-without-building -xctestrun /Users/ec2-user/actions-runner/_work/awsEC2iOS-test/awsEC2iOS-test/app/build/Build/Products/SimDensity_iphonesimulator26.5-arm64-x86_64.xctestrun -destination "platform=iOS Simulator,id=CB4FB301-BED1-4715-B018-4B8B383ED936" "-only-testing:SimDensityUITests/ShardedUITests/test07_idleAgain"

2026-08-17 00:42:51.178 xcodebuild[80935:1600282] [MT] IDERunDestination: Supported platforms for the buildables in the current scheme is empty.
2026-08-17 00:42:51.416 xcodebuild[80935:1600282] [MT] IDERunDestination: Supported platforms for the buildables in the current scheme is empty.
2026-08-17 00:42:55.404 xcodebuild[80935:1600282] [MT] IDERunDestination: Supported platforms for the buildables in the current scheme is empty.
2026-08-17 00:43:09.057 xcodebuild[80935:1600282] [MT] IDERunDestination: Supported platforms for the buildables in the current scheme is empty.
2026-08-17 00:43:10.283 xcodebuild[80935:1600282] [MT] IDERunDestination: Supported platforms for the buildables in the current scheme is empty.
2026-08-17 00:49:33.275959+0000 SimDensityUITests-Runner[81996:1628189] [Default] Running tests...
2026-08-17 00:49:33.304389+0000 SimDensityUITests-Runner[81996:1628797] [General] Failed to send CA Event for app launch measurements for ca_event_type: 0 event_name: com.apple.app_launch_measurement.FirstFramePresentationMetric
2026-08-17 00:49:33.347749+0000 SimDensityUITests-Runner[81996:1628798] [General] Failed to send CA Event for app launch measurements for ca_event_type: 1 event_name: com.apple.app_launch_measurement.ExtendedLaunchMetrics
objc[81996]: Class UIAccessibilityLoaderWebShared is implemented in both /Library/Developer/CoreSimulator/Volumes/iOS_23F77/Library/Developer/CoreSimulator/Profiles/Runtimes/iOS 26.5.simruntime/Contents/Resources/RuntimeRoot/System/Library/AccessibilityBundles/WebCore.axbundle/WebCore (0x106528310) and /Library/Developer/CoreSimulator/Volumes/iOS_23F77/Library/Developer/CoreSimulator/Profiles/Runtimes/iOS 26.5.simruntime/Contents/Resources/RuntimeRoot/System/Library/AccessibilityBundles/WebKit.axbundle/WebKit (0x106450398). This may cause spurious casting failures and mysterious crashes. One of the duplicates must be removed or renamed.
Test Suite 'Selected tests' started at 2026-08-17 00:49:45.051.
Test Suite 'SimDensityUITests.xctest' started at 2026-08-17 00:49:45.051.
Test Suite 'ShardedUITests' started at 2026-08-17 00:49:45.051.
Test Case '-[SimDensityUITests.ShardedUITests test07_idleAgain]' started.
    t =     0.00s Start Test at 2026-08-17 00:49:45.053
    t =    60.04s Set Up
    t =    60.04s Open com.simdensity.app
    t =    90.06s     Launch com.simdensity.app
2026-08-17 00:51:15.594 xcodebuild[80935:1600282] [MT] IDELaunchParametersSnapshot: The operation couldn’t be completed. (DebuggerLLDB.DebuggerVersionStore.StoreError error 0.)
2026-08-17 00:51:15.594 xcodebuild[80935:1600282] [MT] IDELaunchParametersSnapshot: no debugger version
    t =   184.78s         Interface orientation changed to Portrait
    t =   185.42s         Setting up automation session
    t =   186.29s         Wait for com.simdensity.app to idle
    t =   187.43s Waiting 20.0s for "SIM DENSITY" StaticText to exist
    t =   188.47s     Checking `Expect predicate `existsNoRetry == 1` for object "SIM DENSITY" StaticText`
    t =   188.48s         Checking existence of `"SIM DENSITY" StaticText`
    t =   188.65s Waiting 10.0s for "IDLE" StaticText to exist
    t =   189.68s     Checking `Expect predicate `existsNoRetry == 1` for object "IDLE" StaticText`
    t =   189.68s         Checking existence of `"IDLE" StaticText`
    t =   191.73s Tear Down
Test Case '-[SimDensityUITests.ShardedUITests test07_idleAgain]' passed (192.061 seconds).
Test Suite 'ShardedUITests' passed at 2026-08-17 00:52:57.114.
	 Executed 1 test, with 0 failures (0 unexpected) in 192.061 (192.063) seconds
Test Suite 'SimDensityUITests.xctest' passed at 2026-08-17 00:52:57.115.
	 Executed 1 test, with 0 failures (0 unexpected) in 192.061 (192.064) seconds
Test Suite 'Selected tests' passed at 2026-08-17 00:52:57.115.
	 Executed 1 test, with 0 failures (0 unexpected) in 192.061 (192.064) seconds
2026-08-17 00:52:58.388 xcodebuild[80935:1600282] [MT] IDETestOperationsObserverDebug: 589.282 elapsed -- Testing started completed.
2026-08-17 00:52:58.388 xcodebuild[80935:1600282] [MT] IDETestOperationsObserverDebug: 0.000 sec, +0.000 sec -- start
2026-08-17 00:52:58.389 xcodebuild[80935:1600282] [MT] IDETestOperationsObserverDebug: 589.282 sec, +589.282 sec -- end

Test session results, code coverage, and logs:
	/Users/ec2-user/Library/Developer/Xcode/DerivedData/SimDensity-chrrarzaqbsthohhudorcltjpeot/Logs/Test/Test-SimDensity-2026.08.17_00-42-55-+0000.xcresult

** TEST EXECUTE SUCCEEDED **

Testing started
