Command line invocation:
    /Applications/Xcode.app/Contents/Developer/usr/bin/xcodebuild test-without-building -xctestrun /Users/ec2-user/actions-runner/_work/awsEC2iOS-test/awsEC2iOS-test/app/build/Build/Products/SimDensity_iphonesimulator26.5-arm64-x86_64.xctestrun -destination "platform=iOS Simulator,id=6C7FF494-98A5-4A15-A53F-28B2E8A46946" "-only-testing:SimDensityUITests/ShardedUITests/test05_scrollLaunch"

2026-08-17 00:42:51.194 xcodebuild[80930:1600283] [MT] IDERunDestination: Supported platforms for the buildables in the current scheme is empty.
2026-08-17 00:42:51.438 xcodebuild[80930:1600283] [MT] IDERunDestination: Supported platforms for the buildables in the current scheme is empty.
2026-08-17 00:42:55.383 xcodebuild[80930:1600283] [MT] IDERunDestination: Supported platforms for the buildables in the current scheme is empty.
2026-08-17 00:43:09.053 xcodebuild[80930:1600283] [MT] IDERunDestination: Supported platforms for the buildables in the current scheme is empty.
2026-08-17 00:43:10.377 xcodebuild[80930:1600283] [MT] IDERunDestination: Supported platforms for the buildables in the current scheme is empty.
2026-08-17 00:49:10.851374+0000 SimDensityUITests-Runner[81801:1624289] [Default] Running tests...
objc[81801]: Class UIAccessibilityLoaderWebShared is implemented in both /Library/Developer/CoreSimulator/Volumes/iOS_23F77/Library/Developer/CoreSimulator/Profiles/Runtimes/iOS 26.5.simruntime/Contents/Resources/RuntimeRoot/System/Library/AccessibilityBundles/WebCore.axbundle/WebCore (0x1092fc310) and /Library/Developer/CoreSimulator/Volumes/iOS_23F77/Library/Developer/CoreSimulator/Profiles/Runtimes/iOS 26.5.simruntime/Contents/Resources/RuntimeRoot/System/Library/AccessibilityBundles/WebKit.axbundle/WebKit (0x10800c398). This may cause spurious casting failures and mysterious crashes. One of the duplicates must be removed or renamed.
Test Suite 'Selected tests' started at 2026-08-17 00:49:24.984.
Test Suite 'SimDensityUITests.xctest' started at 2026-08-17 00:49:24.985.
Test Suite 'ShardedUITests' started at 2026-08-17 00:49:24.985.
Test Case '-[SimDensityUITests.ShardedUITests test05_scrollLaunch]' started.
    t =     0.00s Start Test at 2026-08-17 00:49:24.986
    t =    60.05s Set Up
    t =    60.05s Open com.simdensity.app
2026-08-17 00:50:56.125 xcodebuild[80930:1600283] [MT] IDELaunchParametersSnapshot: The operation couldn’t be completed. (DebuggerLLDB.DebuggerVersionStore.StoreError error 0.)
2026-08-17 00:50:56.148 xcodebuild[80930:1600283] [MT] IDELaunchParametersSnapshot: no debugger version
    t =    90.08s     Launch com.simdensity.app
    t =   225.47s         Interface orientation changed to Portrait
    t =   226.34s         Setting up automation session
    t =   227.05s         Wait for com.simdensity.app to idle
    t =   228.24s Waiting 20.0s for "SIM DENSITY" StaticText to exist
    t =   229.29s     Checking `Expect predicate `existsNoRetry == 1` for object "SIM DENSITY" StaticText`
    t =   229.29s         Checking existence of `"SIM DENSITY" StaticText`
    t =   229.39s Waiting 10.0s for "SCROLL" StaticText to exist
    t =   230.45s     Checking `Expect predicate `existsNoRetry == 1` for object "SCROLL" StaticText`
    t =   230.45s         Checking existence of `"SCROLL" StaticText`
    t =   232.61s Tear Down
Test Case '-[SimDensityUITests.ShardedUITests test05_scrollLaunch]' passed (232.937 seconds).
Test Suite 'ShardedUITests' passed at 2026-08-17 00:53:17.923.
	 Executed 1 test, with 0 failures (0 unexpected) in 232.937 (232.938) seconds
Test Suite 'SimDensityUITests.xctest' passed at 2026-08-17 00:53:17.923.
	 Executed 1 test, with 0 failures (0 unexpected) in 232.937 (232.938) seconds
Test Suite 'Selected tests' passed at 2026-08-17 00:53:17.923.
	 Executed 1 test, with 0 failures (0 unexpected) in 232.937 (232.939) seconds
2026-08-17 00:53:18.786 xcodebuild[80930:1600283] [MT] IDETestOperationsObserverDebug: 609.698 elapsed -- Testing started completed.
2026-08-17 00:53:18.787 xcodebuild[80930:1600283] [MT] IDETestOperationsObserverDebug: 0.000 sec, +0.000 sec -- start
2026-08-17 00:53:18.787 xcodebuild[80930:1600283] [MT] IDETestOperationsObserverDebug: 609.698 sec, +609.698 sec -- end

Test session results, code coverage, and logs:
	/Users/ec2-user/Library/Developer/Xcode/DerivedData/SimDensity-gljqyfgbpvecmichntlrhijygfar/Logs/Test/Test-SimDensity-2026.08.17_00-42-55-+0000.xcresult

** TEST EXECUTE SUCCEEDED **

Testing started
