Command line invocation:
    /Applications/Xcode_16.4.app/Contents/Developer/usr/bin/xcodebuild test-without-building -xctestrun /Users/runner/work/awsEC2iOS-test/awsEC2iOS-test/app/build/Build/Products/SimDensity_iphonesimulator18.5-arm64-x86_64.xctestrun -destination "platform=iOS Simulator,id=C597A4A2-AB18-4E61-9408-D3D4DFE453A9" "-only-testing:SimDensityUITests/ShardedUITests/test01_idleLaunch" "-only-testing:SimDensityUITests/ShardedUITests/test03_animateLaunch" "-only-testing:SimDensityUITests/ShardedUITests/test05_scrollLaunch" "-only-testing:SimDensityUITests/ShardedUITests/test07_idleAgain" "-only-testing:SimDensityUITests/ShardedUITests/test09_scrollAgain" "-only-testing:SimDensityUITests/ShardedUITests/test11_animateFinal"

--- xcodebuild: WARNING: Using the first of multiple matching destinations:
{ platform:iOS Simulator, arch:arm64, id:C597A4A2-AB18-4E61-9408-D3D4DFE453A9, OS:26.2, name:shard-2-1 }
{ platform:iOS Simulator, arch:x86_64, id:C597A4A2-AB18-4E61-9408-D3D4DFE453A9, OS:26.2, name:shard-2-1 }
2026-08-17 03:52:08.167626+0000 SimDensityUITests-Runner[24407:78952] [UIKit App Config] `UIScene` lifecycle will soon be required. Failure to adopt will result in an assert in the future.
2026-08-17 03:52:08.211900+0000 SimDensityUITests-Runner[24407:78952] [Default] Running tests...
2026-08-17 03:52:08.305513+0000 SimDensityUITests-Runner[24407:79429] [General] Failed to send CA Event for app launch measurements for ca_event_type: 0 event_name: com.apple.app_launch_measurement.FirstFramePresentationMetric
2026-08-17 03:52:08.356027+0000 SimDensityUITests-Runner[24407:79426] [General] Failed to send CA Event for app launch measurements for ca_event_type: 1 event_name: com.apple.app_launch_measurement.ExtendedLaunchMetrics
    t =      nans Interface orientation changed to Portrait
Test Suite 'Selected tests' started at 2026-08-17 03:52:20.900.
Test Suite 'SimDensityUITests.xctest' started at 2026-08-17 03:52:20.900.
Test Suite 'ShardedUITests' started at 2026-08-17 03:52:20.900.
Test Case '-[SimDensityUITests.ShardedUITests test01_idleLaunch]' started.
    t =     0.00s Start Test at 2026-08-17 03:52:20.901
    t =     0.47s Set Up
    t =     0.48s Open com.simdensity.app
    t =     0.48s     Launch com.simdensity.app
    t =    14.84s         Setting up automation session
    t =    17.41s         Wait for com.simdensity.app to idle
    t =    19.45s Waiting 20.0s for "SIM DENSITY" StaticText to exist
    t =    20.48s     Checking `Expect predicate `existsNoRetry == 1` for object "SIM DENSITY" StaticText`
    t =    20.48s         Checking existence of `"SIM DENSITY" StaticText`
    t =    20.51s Waiting 10.0s for "IDLE" StaticText to exist
    t =    21.54s     Checking `Expect predicate `existsNoRetry == 1` for object "IDLE" StaticText`
    t =    21.54s         Checking existence of `"IDLE" StaticText`
    t =    23.57s Tear Down
Test Case '-[SimDensityUITests.ShardedUITests test01_idleLaunch]' passed (23.843 seconds).
Test Case '-[SimDensityUITests.ShardedUITests test03_animateLaunch]' started.
    t =     0.00s Start Test at 2026-08-17 03:52:44.745
    t =     0.05s Set Up
    t =     0.05s Open com.simdensity.app
    t =     0.05s     Launch com.simdensity.app
    t =     0.05s         Terminate com.simdensity.app:24679
    t =     3.91s         Setting up automation session
    t =     5.44s         Wait for com.simdensity.app to idle
    t =     7.42s Waiting 20.0s for "SIM DENSITY" StaticText to exist
    t =     8.51s     Checking `Expect predicate `existsNoRetry == 1` for object "SIM DENSITY" StaticText`
    t =     8.51s         Checking existence of `"SIM DENSITY" StaticText`
    t =     8.54s Waiting 10.0s for "ANIMATE" StaticText to exist
    t =     9.61s     Checking `Expect predicate `existsNoRetry == 1` for object "ANIMATE" StaticText`
    t =     9.61s         Checking existence of `"ANIMATE" StaticText`
    t =    11.66s Tear Down
Test Case '-[SimDensityUITests.ShardedUITests test03_animateLaunch]' passed (11.951 seconds).
Test Case '-[SimDensityUITests.ShardedUITests test05_scrollLaunch]' started.
    t =     0.00s Start Test at 2026-08-17 03:52:56.697
    t =     0.04s Set Up
    t =     0.04s Open com.simdensity.app
    t =     0.05s     Launch com.simdensity.app
    t =     0.05s         Terminate com.simdensity.app:25090
    t =     2.55s         Setting up automation session
    t =     4.70s         Wait for com.simdensity.app to idle
    t =     5.95s Waiting 20.0s for "SIM DENSITY" StaticText to exist
    t =     7.02s     Checking `Expect predicate `existsNoRetry == 1` for object "SIM DENSITY" StaticText`
    t =     7.02s         Checking existence of `"SIM DENSITY" StaticText`
    t =     7.14s Waiting 10.0s for "SCROLL" StaticText to exist
    t =     8.22s     Checking `Expect predicate `existsNoRetry == 1` for object "SCROLL" StaticText`
    t =     8.22s         Checking existence of `"SCROLL" StaticText`
    t =    10.47s Tear Down
Test Case '-[SimDensityUITests.ShardedUITests test05_scrollLaunch]' passed (10.768 seconds).
Test Case '-[SimDensityUITests.ShardedUITests test07_idleAgain]' started.
    t =     0.00s Start Test at 2026-08-17 03:53:07.464
    t =     0.07s Set Up
    t =     0.08s Open com.simdensity.app
    t =     0.08s     Launch com.simdensity.app
    t =     0.08s         Terminate com.simdensity.app:25487
    t =     2.19s         Setting up automation session
    t =     3.47s         Wait for com.simdensity.app to idle
    t =     4.81s Waiting 20.0s for "SIM DENSITY" StaticText to exist
    t =     5.86s     Checking `Expect predicate `existsNoRetry == 1` for object "SIM DENSITY" StaticText`
    t =     5.86s         Checking existence of `"SIM DENSITY" StaticText`
    t =     5.90s Waiting 10.0s for "IDLE" StaticText to exist
    t =     6.96s     Checking `Expect predicate `existsNoRetry == 1` for object "IDLE" StaticText`
    t =     6.96s         Checking existence of `"IDLE" StaticText`
    t =     8.97s Tear Down
Test Case '-[SimDensityUITests.ShardedUITests test07_idleAgain]' passed (9.198 seconds).
Test Case '-[SimDensityUITests.ShardedUITests test09_scrollAgain]' started.
    t =     0.00s Start Test at 2026-08-17 03:53:16.663
    t =     0.02s Set Up
    t =     0.02s Open com.simdensity.app
    t =     0.02s     Launch com.simdensity.app
    t =     0.02s         Terminate com.simdensity.app:25850
    t =     2.07s         Setting up automation session
    t =     3.06s         Wait for com.simdensity.app to idle
    t =     4.09s Waiting 20.0s for "SIM DENSITY" StaticText to exist
    t =     5.15s     Checking `Expect predicate `existsNoRetry == 1` for object "SIM DENSITY" StaticText`
    t =     5.15s         Checking existence of `"SIM DENSITY" StaticText`
    t =     5.22s Waiting 10.0s for "SCROLL" StaticText to exist
    t =     6.28s     Checking `Expect predicate `existsNoRetry == 1` for object "SCROLL" StaticText`
    t =     6.28s         Checking existence of `"SCROLL" StaticText`
    t =     8.34s Tear Down
Test Case '-[SimDensityUITests.ShardedUITests test09_scrollAgain]' passed (8.615 seconds).
Test Case '-[SimDensityUITests.ShardedUITests test11_animateFinal]' started.
    t =     0.00s Start Test at 2026-08-17 03:53:25.279
    t =     0.03s Set Up
    t =     0.03s Open com.simdensity.app
    t =     0.03s     Launch com.simdensity.app
    t =     0.03s         Terminate com.simdensity.app:26507
    t =     6.63s         Setting up automation session
    t =     8.15s         Wait for com.simdensity.app to idle
    t =     9.75s Waiting 20.0s for "SIM DENSITY" StaticText to exist
    t =    10.81s     Checking `Expect predicate `existsNoRetry == 1` for object "SIM DENSITY" StaticText`
    t =    10.81s         Checking existence of `"SIM DENSITY" StaticText`
    t =    10.87s Waiting 10.0s for "ANIMATE" StaticText to exist
    t =    11.92s     Checking `Expect predicate `existsNoRetry == 1` for object "ANIMATE" StaticText`
    t =    11.92s         Checking existence of `"ANIMATE" StaticText`
    t =    13.94s Tear Down
Test Case '-[SimDensityUITests.ShardedUITests test11_animateFinal]' passed (14.299 seconds).
Test Suite 'ShardedUITests' passed at 2026-08-17 03:53:39.578.
	 Executed 6 tests, with 0 failures (0 unexpected) in 78.673 (78.677) seconds
Test Suite 'SimDensityUITests.xctest' passed at 2026-08-17 03:53:39.580.
	 Executed 6 tests, with 0 failures (0 unexpected) in 78.673 (78.680) seconds
Test Suite 'Selected tests' passed at 2026-08-17 03:53:39.581.
	 Executed 6 tests, with 0 failures (0 unexpected) in 78.673 (78.682) seconds
2026-08-17 03:53:41.103 xcodebuild[21049:68772] [MT] IDETestOperationsObserverDebug: 154.230 elapsed -- Testing started completed.
2026-08-17 03:53:41.104 xcodebuild[21049:68772] [MT] IDETestOperationsObserverDebug: 0.000 sec, +0.000 sec -- start
2026-08-17 03:53:41.104 xcodebuild[21049:68772] [MT] IDETestOperationsObserverDebug: 154.230 sec, +154.230 sec -- end

Test session results, code coverage, and logs:
	/Users/runner/Library/Developer/Xcode/DerivedData/SimDensity-fwcwuxtdyrvrwkehtkdrmfjtmlrp/Logs/Test/Test-SimDensity-2026.08.17_03-51-05-+0000.xcresult

** TEST EXECUTE SUCCEEDED **

Testing started
