Invalid device or device pair: E1D7860F-B99A-4973-9EE8-4A4B5B87ADE6
[33m[sweep][0m N=16 trial 1 degraded (renders=6/16, mode='install')
[36m[sweep][0m level N=16  trial 2/2
Invalid device or device pair: 6CBF0E12-4533-4EDF-9FB3-BAA4CB48132E
[33m[sweep][0m N=16 trial 1 degraded (renders=6/16, mode='install')
[36m[sweep][0m level N=16  trial 2/2
Invalid device or device pair: 410F013B-CF57-4E59-AC5C-6B77D460D1C0
[33m[sweep][0m N=16 trial 1 degraded (renders=6/16, mode='install')
[36m[sweep][0m level N=16  trial 2/2
Invalid device or device pair: 6B198864-CA4C-4BBD-B31C-DEA7EA83C515
[33m[sweep][0m N=16 trial 1 degraded (renders=6/16, mode='install')
[36m[sweep][0m level N=16  trial 2/2
Invalid device or device pair: F22C92CD-756F-4DF4-978B-CF07E515A893
[33m[sweep][0m N=16 trial 1 degraded (renders=6/16, mode='install')
[36m[sweep][0m level N=16  trial 2/2
Invalid device or device pair: 0B651401-F77C-4482-B73E-773C590B4515
[33m[sweep][0m N=16 trial 1 degraded (renders=6/16, mode='install')
[36m[sweep][0m level N=16  trial 2/2
Invalid device or device pair: 3AA7CE75-22D4-4707-9575-2654B6D61CAD
[33m[sweep][0m N=16 trial 1 degraded (renders=6/16, mode='install')
[36m[sweep][0m level N=16  trial 2/2
Invalid device or device pair: CB2CB97F-E9C6-4564-9785-A687CABF2160
[33m[sweep][0m N=16 trial 1 degraded (renders=6/16, mode='install')
[36m[sweep][0m level N=16  trial 2/2
Invalid device or device pair: 3A65C0E6-5C56-4279-A9E1-5DE06884A70A
[33m[sweep][0m N=16 trial 1 degraded (renders=6/16, mode='install')
[36m[sweep][0m level N=16  trial 2/2
Invalid device or device pair: BB02A196-620A-47A7-A3A3-DD1AB268B2AD
[33m[sweep][0m N=16 trial 1 degraded (renders=6/16, mode='install')
[36m[sweep][0m level N=16  trial 2/2
Invalid device or device pair: E7A8D940-A1A4-4CDC-BA16-DFB0BD524E03
[33m[sweep][0m N=16 trial 1 degraded (renders=6/16, mode='install')
[36m[sweep][0m level N=16  trial 2/2
Invalid device or device pair: FA70ADDB-9FD4-4D1E-88F8-96153D2DAEBB
[33m[sweep][0m N=16 trial 1 degraded (renders=6/16, mode='install')
[36m[sweep][0m level N=16  trial 2/2
Invalid device or device pair: BB3E3EC4-AEE9-4650-BA7C-CD7394989B72
[33m[sweep][0m N=16 trial 1 degraded (renders=6/16, mode='install')
[36m[sweep][0m level N=16  trial 2/2
Invalid device or device pair: F0145145-38F5-4B1C-9EF3-A895700CC35E
[33m[sweep][0m N=16 trial 1 degraded (renders=6/16, mode='install')
[36m[sweep][0m level N=16  trial 2/2
Invalid device or device pair: 5A7498FE-A38B-45AD-A4BF-62C37AD1F7F8
[33m[sweep][0m N=16 trial 1 degraded (renders=6/16, mode='install')
[36m[sweep][0m level N=16  trial 2/2
Invalid device or device pair: DC7D5884-1B08-4322-92D4-2085EC38D965
[33m[sweep][0m N=16 trial 1 degraded (renders=6/16, mode='install')
[36m[sweep][0m level N=16  trial 2/2
